../Drivers/SPI_flash/src/SPI_flash.c:93:6:function_prototype	4	static
../Drivers/SPI_flash/src/SPI_flash.c:98:6:SPI_flash_reg_cb	24	static
../Drivers/SPI_flash/src/SPI_flash.c:116:6:SPI_flash_io_init	4	static
../Drivers/SPI_flash/src/SPI_flash.c:124:6:sFLASH_Reset	8	static
../Drivers/SPI_flash/src/SPI_flash.c:136:6:sFLASH_Init	16	static
../Drivers/SPI_flash/src/SPI_flash.c:146:23:sFLASH_GetInfo	32	static
../Drivers/SPI_flash/src/SPI_flash.c:199:6:sFLASH_CS_LOW	8	static
../Drivers/SPI_flash/src/SPI_flash.c:205:6:sFLASH_CS_HIGH	8	static
../Drivers/SPI_flash/src/SPI_flash.c:215:6:sFLASH_EraseSector	16	static
../Drivers/SPI_flash/src/SPI_flash.c:238:6:sFLASH_EraseBlock32k	16	static
../Drivers/SPI_flash/src/SPI_flash.c:266:6:sFLASH_EraseBulk	8	static
../Drivers/SPI_flash/src/SPI_flash.c:294:6:sFLASH_WritePage	24	static
../Drivers/SPI_flash/src/SPI_flash.c:335:6:sFLASH_WriteBuffer	32	static
../Drivers/SPI_flash/src/SPI_flash.c:413:6:sFLASH_ReadBuffer	24	static
../Drivers/SPI_flash/src/SPI_flash.c:446:10:sFLASH_ReadID	24	static
../Drivers/SPI_flash/src/SPI_flash.c:487:6:sFLASH_StartReadSequence	16	static
../Drivers/SPI_flash/src/SPI_flash.c:511:9:sFLASH_ReadByte	8	static
../Drivers/SPI_flash/src/SPI_flash.c:522:6:sFLASH_SendByte	16	static
../Drivers/SPI_flash/src/SPI_flash.c:555:6:sFLASH_WriteEnable	8	static
../Drivers/SPI_flash/src/SPI_flash.c:573:6:sFLASH_WaitForWriteEnd	16	static
