../Drivers/SPI_flash/src/SPI_flash.c:93:6:function_prototype	4	static
../Drivers/SPI_flash/src/SPI_flash.c:98:6:SPI_flash_reg_cb	24	static
../Drivers/SPI_flash/src/SPI_flash.c:116:6:SPI_flash_io_init	4	static
../Drivers/SPI_flash/src/SPI_flash.c:124:6:sFLASH_Reset	8	static
../Drivers/SPI_flash/src/SPI_flash.c:136:6:sFLASH_Init	8	static
../Drivers/SPI_flash/src/SPI_flash.c:146:23:sFLASH_GetInfo	32	static
../Drivers/SPI_flash/src/SPI_flash.c:200:6:sFLASH_CS_LOW	8	static
../Drivers/SPI_flash/src/SPI_flash.c:206:6:sFLASH_CS_HIGH	8	static
../Drivers/SPI_flash/src/SPI_flash.c:216:6:sFLASH_EraseSector	16	static
../Drivers/SPI_flash/src/SPI_flash.c:239:6:sFLASH_EraseBlock32k	16	static
../Drivers/SPI_flash/src/SPI_flash.c:267:6:sFLASH_EraseBulk	8	static
../Drivers/SPI_flash/src/SPI_flash.c:295:6:sFLASH_WritePage	24	static
../Drivers/SPI_flash/src/SPI_flash.c:336:6:sFLASH_WriteBuffer	32	static
../Drivers/SPI_flash/src/SPI_flash.c:414:6:sFLASH_ReadBuffer	24	static
../Drivers/SPI_flash/src/SPI_flash.c:447:10:sFLASH_ReadID	24	static
../Drivers/SPI_flash/src/SPI_flash.c:488:6:sFLASH_StartReadSequence	16	static
../Drivers/SPI_flash/src/SPI_flash.c:512:9:sFLASH_ReadByte	8	static
../Drivers/SPI_flash/src/SPI_flash.c:523:6:sFLASH_SendByte	16	static
../Drivers/SPI_flash/src/SPI_flash.c:556:6:sFLASH_WriteEnable	8	static
../Drivers/SPI_flash/src/SPI_flash.c:574:6:sFLASH_WaitForWriteEnd	16	static
