../Middlewares/Third_Party/file_system_adstractions/spi_fs.c:36:6:spi_fs_init_mutex	16	static
../Middlewares/Third_Party/file_system_adstractions/spi_fs.c:43:5:spi_fs_init	56	static
../Middlewares/Third_Party/file_system_adstractions/spi_fs.c:57:5:spi_fs_mount	16	static
../Middlewares/Third_Party/file_system_adstractions/spi_fs.c:76:5:spi_fs_mount_status	4	static
../Middlewares/Third_Party/file_system_adstractions/spi_fs.c:81:6:spi_fs_format	8	static
../Middlewares/Third_Party/file_system_adstractions/spi_fs.c:85:5:spi_fs_read_file	40	static
../Middlewares/Third_Party/file_system_adstractions/spi_fs.c:105:5:spi_fs_read_file_offset	40	static
../Middlewares/Third_Party/file_system_adstractions/spi_fs.c:126:5:spi_fs_over_write_file	40	static
../Middlewares/Third_Party/file_system_adstractions/spi_fs.c:145:5:spi_fs_file_size	24	static
../Middlewares/Third_Party/file_system_adstractions/spi_fs.c:162:5:spi_fs_write_file_to_end	40	static
../Middlewares/Third_Party/file_system_adstractions/spi_fs.c:181:5:spi_fs_serch_file_in_dir	24	static
../Middlewares/Third_Party/file_system_adstractions/spi_fs.c:193:5:spi_fs_mkdir	24	static
../Middlewares/Third_Party/file_system_adstractions/spi_fs.c:208:5:spi_fs_read_dir	16	static
../Middlewares/Third_Party/file_system_adstractions/spi_fs.c:215:5:spi_fs_file_exist	16	static
../Middlewares/Third_Party/file_system_adstractions/spi_fs.c:219:5:spi_fs_file_cr_emp	16	static
../Middlewares/Third_Party/file_system_adstractions/spi_fs.c:224:5:spi_fs_file_info	16	static
../Middlewares/Third_Party/file_system_adstractions/spi_fs.c:235:5:spi_fs_remove	24	static
../Middlewares/Third_Party/file_system_adstractions/spi_fs.c:249:5:spi_fs_get_file_size	32	static
../Middlewares/Third_Party/file_system_adstractions/spi_fs.c:266:6:list_files_and_directories	544	static
../Middlewares/Third_Party/file_system_adstractions/spi_fs.c:293:6:remove_recursively_files_and_directories	544	static
../Middlewares/Third_Party/file_system_adstractions/spi_fs.c:320:6:spi_fs_remove_recurcuve_in	16	static
../Middlewares/Third_Party/file_system_adstractions/spi_fs.c:333:5:spi_fs_mv	24	static
