../Middlewares/Third_Party/file_system_adstractions/spi_fs.c:36:6:spi_fs_init_mutex	16	static
../Middlewares/Third_Party/file_system_adstractions/spi_fs.c:43:5:spi_fs_init	56	static
../Middlewares/Third_Party/file_system_adstractions/spi_fs.c:57:5:spi_fs_mount	16	static
../Middlewares/Third_Party/file_system_adstractions/spi_fs.c:76:5:spi_fs_mount_status	4	static
../Middlewares/Third_Party/file_system_adstractions/spi_fs.c:81:6:spi_fs_format	8	static
../Middlewares/Third_Party/file_system_adstractions/spi_fs.c:85:5:spi_fs_read_file	40	static
../Middlewares/Third_Party/file_system_adstractions/spi_fs.c:105:5:spi_fs_read_file_offset	40	static
../Middlewares/Third_Party/file_system_adstractions/spi_fs.c:126:5:spi_fs_over_write_file	40	static
../Middlewares/Third_Party/file_system_adstractions/spi_fs.c:144:5:spi_fs_file_size	24	static
../Middlewares/Third_Party/file_system_adstractions/spi_fs.c:161:5:spi_fs_write_file_to_end	40	static
../Middlewares/Third_Party/file_system_adstractions/spi_fs.c:180:5:spi_fs_serch_file_in_dir	24	static
../Middlewares/Third_Party/file_system_adstractions/spi_fs.c:192:5:spi_fs_mkdir	24	static
../Middlewares/Third_Party/file_system_adstractions/spi_fs.c:207:5:spi_fs_read_dir	16	static
../Middlewares/Third_Party/file_system_adstractions/spi_fs.c:214:5:spi_fs_file_exist	16	static
../Middlewares/Third_Party/file_system_adstractions/spi_fs.c:218:5:spi_fs_file_cr_emp	16	static
../Middlewares/Third_Party/file_system_adstractions/spi_fs.c:223:5:spi_fs_file_info	16	static
../Middlewares/Third_Party/file_system_adstractions/spi_fs.c:234:5:spi_fs_remove	24	static
../Middlewares/Third_Party/file_system_adstractions/spi_fs.c:248:5:spi_fs_get_file_size	32	static
../Middlewares/Third_Party/file_system_adstractions/spi_fs.c:265:6:list_files_and_directories	544	static
../Middlewares/Third_Party/file_system_adstractions/spi_fs.c:292:6:remove_recursively_files_and_directories	544	static
../Middlewares/Third_Party/file_system_adstractions/spi_fs.c:321:6:spi_fs_remove_recurcuve_in	24	static
../Middlewares/Third_Party/file_system_adstractions/spi_fs.c:336:5:spi_fs_mv	24	static
