../Drivers/ioLibrary/Internet/httpServer/httpServer.c:72:6:default_mcu_reset	4	static
../Drivers/ioLibrary/Internet/httpServer/httpServer.c:73:6:default_wdt_reset	4	static
../Drivers/ioLibrary/Internet/httpServer/httpServer.c:74:6:default_function	4	static
../Drivers/ioLibrary/Internet/httpServer/httpServer.c:80:6:reg_httpServer_cbfunc_delay	16	static
../Drivers/ioLibrary/Internet/httpServer/httpServer.c:85:6:httpServer_Sockinit	24	static
../Drivers/ioLibrary/Internet/httpServer/httpServer.c:96:16:getHTTPSocketNum	16	static
../Drivers/ioLibrary/Internet/httpServer/httpServer.c:102:15:getHTTPSequenceNum	24	static
../Drivers/ioLibrary/Internet/httpServer/httpServer.c:112:6:httpServer_init	24	static
../Drivers/ioLibrary/Internet/httpServer/httpServer.c:124:6:reg_httpServer_cbfunc	16	static
../Drivers/ioLibrary/Internet/httpServer/httpServer.c:132:6:httpServer_run	48	static
../Drivers/ioLibrary/Internet/httpServer/httpServer.c:285:13:send_http_response_header	24	static
../Drivers/ioLibrary/Internet/httpServer/httpServer.c:335:13:send_http_response_body	160	static
../Drivers/ioLibrary/Internet/httpServer/httpServer.c:503:13:send_http_response_cgi	40	static
../Drivers/ioLibrary/Internet/httpServer/httpServer.c:519:15:http_disconnect	16	static
../Drivers/ioLibrary/Internet/httpServer/httpServer.c:529:13:http_process_handler	584	static
../Drivers/ioLibrary/Internet/httpServer/httpServer.c:721:6:httpServer_time_handler	4	static
../Drivers/ioLibrary/Internet/httpServer/httpServer.c:726:10:get_httpServer_timecount	8	static
../Drivers/ioLibrary/Internet/httpServer/httpServer.c:734:6:reg_httpServer_webContent	24	static
../Drivers/ioLibrary/Internet/httpServer/httpServer.c:760:9:display_reg_webContent_list	16	static
../Drivers/ioLibrary/Internet/httpServer/httpServer.c:789:9:find_userReg_webContent	32	static
../Drivers/ioLibrary/Internet/httpServer/httpServer.c:808:10:read_userReg_webContent	32	static
