../Core/app/mqtt_app/source/mqtt_app.c:55:6:func_prototype	4	static
../Core/app/mqtt_app/source/mqtt_app.c:62:6:init_mqtt_call_mutex	16	static
../Core/app/mqtt_app/source/mqtt_app.c:68:6:init_mqtt_call_rw_coils	16	static
../Core/app/mqtt_app/source/mqtt_app.c:75:6:mqtt_IO_coil_q_init	16	static
../Core/app/mqtt_app/source/mqtt_app.c:83:5:mqtt_client_init	48	static
../Core/app/mqtt_app/source/mqtt_app.c:127:9:mqtt_client_connect	16	static
../Core/app/mqtt_app/source/mqtt_app.c:148:8:mqtt_client_reg_dev_on_home_assist	16	static
../Core/app/mqtt_app/source/mqtt_app.c:247:8:mqtt_subscrabe_on_topik	16	static
../Core/app/mqtt_app/source/mqtt_app.c:257:8:send_data_to_topik	24	static
../Core/app/mqtt_app/source/mqtt_app.c:269:8:mqtt_handler	16	static
../Core/app/mqtt_app/source/mqtt_app.c:279:6:mqtt_1ms_tik	8	static
../Core/app/mqtt_app/source/mqtt_app.c:283:6:mqtt_message_resieve	168	static
