../Core/app/mqtt_app/source/mqtt_app.c:49:6:func_prototype	4	static
../Core/app/mqtt_app/source/mqtt_app.c:56:6:init_mqtt_call_mutex	16	static
../Core/app/mqtt_app/source/mqtt_app.c:62:6:init_mqtt_call_rw_coils	16	static
../Core/app/mqtt_app/source/mqtt_app.c:69:6:mqtt_IO_coil_q_init	16	static
../Core/app/mqtt_app/source/mqtt_app.c:77:5:mqtt_client_init	48	static
../Core/app/mqtt_app/source/mqtt_app.c:121:9:mqtt_client_connect	16	static
../Core/app/mqtt_app/source/mqtt_app.c:142:8:mqtt_client_reg_dev_on_home_assist	16	static
../Core/app/mqtt_app/source/mqtt_app.c:262:8:mqtt_subscrabe_on_topik	16	static
../Core/app/mqtt_app/source/mqtt_app.c:272:8:send_data_to_topik	24	static
../Core/app/mqtt_app/source/mqtt_app.c:284:8:mqtt_handler	16	static
../Core/app/mqtt_app/source/mqtt_app.c:294:6:mqtt_1ms_tik	8	static
../Core/app/mqtt_app/source/mqtt_app.c:298:6:mqtt_message_resieve	168	static
../Core/app/mqtt_app/source/mqtt_app.c:332:6:mqtt_disconnect	8	static
