../Core/Src/main.c:213:6:HAL_UARTEx_RxEventCallback	16	static,ignoring_inline_asm
../Core/Src/main.c:229:6:EthMutexTake	8	static
../Core/Src/main.c:233:6:EthMutexRelease	8	static
../Core/Src/main.c:237:6:LfsMutexTake	8	static
../Core/Src/main.c:241:6:LfsMutexRelease	8	static
../Core/Src/main.c:245:6:SocketMutexTake	8	static
../Core/Src/main.c:249:6:SocketMutexRelease	8	static
../Core/Src/main.c:253:6:ServiceSockMutexTake	8	static
../Core/Src/main.c:257:6:ServiceSockMutexRelease	8	static
../Core/Src/main.c:266:5:main	8	static
../Core/Src/main.c:407:6:SystemClock_Config	88	static
../Core/Src/main.c:453:13:MX_CRC_Init	8	static
../Core/Src/main.c:479:13:MX_SPI1_Init	8	static
../Core/Src/main.c:517:13:MX_SPI3_Init	8	static
../Core/Src/main.c:555:13:MX_USART2_UART_Init	8	static
../Core/Src/main.c:588:13:MX_GPIO_Init	40	static
../Core/Src/main.c:644:6:StartDefaultTask	16	static
../Core/Src/main.c:662:6:vSensorsTask	88	static
../Core/Src/main.c:717:6:vRW_Settings_Tas	1080	static
../Core/Src/main.c:803:6:vOneSecondTickTask	24	static
../Core/Src/main.c:827:6:vMaintEthTask	4248	static
../Core/Src/main.c:975:6:vDebugMemUsage	24	static
../Core/Src/main.c:1004:6:httpServ	4152	static
../Core/Src/main.c:1055:6:vMQTT_Task	2304	static
../Core/Src/main.c:1101:6:HAL_TIM_PeriodElapsedCallback	16	static
../Core/Src/main.c:1118:6:Error_Handler	4	static,ignoring_inline_asm
