../Core/Src/main.c:240:6:HAL_UARTEx_RxEventCallback	16	static
../Core/Src/main.c:252:6:EthMutexTake	8	static
../Core/Src/main.c:256:6:EthMutexRelease	8	static
../Core/Src/main.c:260:6:LfsMutexTake	8	static
../Core/Src/main.c:264:6:LfsMutexRelease	8	static
../Core/Src/main.c:268:6:SocketMutexTake	8	static
../Core/Src/main.c:272:6:SocketMutexRelease	8	static
../Core/Src/main.c:276:6:ServiceSockMutexTake	8	static
../Core/Src/main.c:280:6:ServiceSockMutexRelease	8	static
../Core/Src/main.c:284:6:PowerON_HLW8032	8	static
../Core/Src/main.c:288:6:PowerOFF_HLW8032	8	static
../Core/Src/main.c:297:5:main	8	static,ignoring_inline_asm
../Core/Src/main.c:451:6:SystemClock_Config	88	static
../Core/Src/main.c:498:13:MX_CRC_Init	8	static
../Core/Src/main.c:524:13:MX_IWDG_Init	8	static
../Core/Src/main.c:552:13:MX_SPI1_Init	8	static
../Core/Src/main.c:590:13:MX_SPI3_Init	8	static
../Core/Src/main.c:628:13:MX_USART2_UART_Init	8	static
../Core/Src/main.c:661:13:MX_GPIO_Init	40	static
../Core/Src/main.c:717:6:StartDefaultTask	16	static
../Core/Src/main.c:735:6:vSensorsTask	104	static
../Core/Src/main.c:807:6:vRW_Settings_Tas	1128	static
../Core/Src/main.c:917:6:vOneSecondTickTask	24	static
../Core/Src/main.c:942:6:vMaintEthTask	4248	static
../Core/Src/main.c:1090:6:vDebugMemUsage	24	static
../Core/Src/main.c:1119:6:httpServ	4152	static
../Core/Src/main.c:1173:6:vMQTT_Task	2600	static
../Core/Src/main.c:1242:6:vResetWatchDog	16	static
../Core/Src/main.c:1261:6:vSendBroadcast	64	static
../Core/Src/main.c:1301:6:HAL_TIM_PeriodElapsedCallback	16	static
../Core/Src/main.c:1318:6:Error_Handler	4	static,ignoring_inline_asm
