../Core/Src/main.c:239:6:HAL_UARTEx_RxEventCallback	16	static
../Core/Src/main.c:251:6:EthMutexTake	8	static
../Core/Src/main.c:255:6:EthMutexRelease	8	static
../Core/Src/main.c:259:6:LfsMutexTake	8	static
../Core/Src/main.c:263:6:LfsMutexRelease	8	static
../Core/Src/main.c:267:6:SocketMutexTake	8	static
../Core/Src/main.c:271:6:SocketMutexRelease	8	static
../Core/Src/main.c:275:6:ServiceSockMutexTake	8	static
../Core/Src/main.c:279:6:ServiceSockMutexRelease	8	static
../Core/Src/main.c:283:6:PowerON_HLW8032	8	static
../Core/Src/main.c:287:6:PowerOFF_HLW8032	8	static
../Core/Src/main.c:296:5:main	8	static,ignoring_inline_asm
../Core/Src/main.c:450:6:SystemClock_Config	88	static
../Core/Src/main.c:497:13:MX_CRC_Init	8	static
../Core/Src/main.c:523:13:MX_IWDG_Init	8	static
../Core/Src/main.c:551:13:MX_SPI1_Init	8	static
../Core/Src/main.c:589:13:MX_SPI3_Init	8	static
../Core/Src/main.c:627:13:MX_USART2_UART_Init	8	static
../Core/Src/main.c:660:13:MX_GPIO_Init	40	static
../Core/Src/main.c:716:6:StartDefaultTask	16	static
../Core/Src/main.c:734:6:vSensorsTask	104	static
../Core/Src/main.c:806:6:vRW_Settings_Tas	1128	static
../Core/Src/main.c:916:6:vOneSecondTickTask	24	static
../Core/Src/main.c:941:6:vMaintEthTask	4248	static
../Core/Src/main.c:1089:6:vDebugMemUsage	24	static
../Core/Src/main.c:1118:6:httpServ	4152	static
../Core/Src/main.c:1172:6:vMQTT_Task	2600	static
../Core/Src/main.c:1243:6:vResetWatchDog	16	static
../Core/Src/main.c:1262:6:vSendBroadcast	16	static
../Core/Src/main.c:1281:6:HAL_TIM_PeriodElapsedCallback	16	static
../Core/Src/main.c:1298:6:Error_Handler	4	static,ignoring_inline_asm
