../Drivers/ioLibrary/Internet/DHCP/dhcp.c:258:6:reg_dhcp_delay_cbfunc	16	static
../Drivers/ioLibrary/Internet/DHCP/dhcp.c:263:6:default_ip_assign	8	static
../Drivers/ioLibrary/Internet/DHCP/dhcp.c:271:6:default_ip_update	8	static
../Drivers/ioLibrary/Internet/DHCP/dhcp.c:281:6:default_ip_conflict	8	static
../Drivers/ioLibrary/Internet/DHCP/dhcp.c:289:6:default_delay	16	static
../Drivers/ioLibrary/Internet/DHCP/dhcp.c:292:6:reg_dhcp_cbfunc	24	static
../Drivers/ioLibrary/Internet/DHCP/dhcp.c:303:6:makeDHCPMSG	24	static
../Drivers/ioLibrary/Internet/DHCP/dhcp.c:362:6:send_DHCP_DISCOVER	32	static
../Drivers/ioLibrary/Internet/DHCP/dhcp.c:435:6:send_DHCP_REQUEST	40	static
../Drivers/ioLibrary/Internet/DHCP/dhcp.c:534:6:send_DHCP_DECLINE	32	static
../Drivers/ioLibrary/Internet/DHCP/dhcp.c:594:8:parseDHCPMSG	48	static
../Drivers/ioLibrary/Internet/DHCP/dhcp.c:714:9:DHCP_run	16	static
../Drivers/ioLibrary/Internet/DHCP/dhcp.c:844:9:DHCP_stop	8	static
../Drivers/ioLibrary/Internet/DHCP/dhcp.c:850:9:check_DHCP_timeout	16	static
../Drivers/ioLibrary/Internet/DHCP/dhcp.c:903:8:check_DHCP_leasedIP	24	static
../Drivers/ioLibrary/Internet/DHCP/dhcp.c:941:6:DHCP_init	24	static
../Drivers/ioLibrary/Internet/DHCP/dhcp.c:976:6:reset_DHCP_timeout	4	static
../Drivers/ioLibrary/Internet/DHCP/dhcp.c:983:6:DHCP_time_handler	4	static
../Drivers/ioLibrary/Internet/DHCP/dhcp.c:988:6:getIPfromDHCP	16	static
../Drivers/ioLibrary/Internet/DHCP/dhcp.c:996:6:getGWfromDHCP	16	static
../Drivers/ioLibrary/Internet/DHCP/dhcp.c:1004:6:getSNfromDHCP	16	static
../Drivers/ioLibrary/Internet/DHCP/dhcp.c:1012:6:getDNSfromDHCP	16	static
../Drivers/ioLibrary/Internet/DHCP/dhcp.c:1020:10:getDHCPLeasetime	4	static
../Drivers/ioLibrary/Internet/DHCP/dhcp.c:1025:6:NibbleToHex	16	static
